// Jest Snapshot v1, https://goo.gl/fbAQLP

exports[`renders correctly 1`] = `
<div
  className="player undefined"
>
  <div
    className="hand flex"
  />
</div>
`;
